Archive member included to satisfy reference by file (symbol)

/usr/lib/x86_64-linux-gnu/libc_nonshared.a(elf-init.oS)
                              /usr/lib/gcc/x86_64-linux-gnu/4.9/../../../x86_64-linux-gnu/crt1.o (__libc_csu_init)

Discarded input sections

 .note.GNU-stack
                0x0000000000000000        0x0 /usr/lib/gcc/x86_64-linux-gnu/4.9/../../../x86_64-linux-gnu/crt1.o
 .gnu_debuglink
                0x0000000000000000        0xc /usr/lib/gcc/x86_64-linux-gnu/4.9/../../../x86_64-linux-gnu/crt1.o
 .note.GNU-stack
                0x0000000000000000        0x0 /usr/lib/gcc/x86_64-linux-gnu/4.9/../../../x86_64-linux-gnu/crti.o
 .gnu_debuglink
                0x0000000000000000        0xc /usr/lib/gcc/x86_64-linux-gnu/4.9/../../../x86_64-linux-gnu/crti.o
 .note.GNU-stack
                0x0000000000000000        0x0 /usr/lib/gcc/x86_64-linux-gnu/4.9/crtbegin.o
 .note.GNU-stack
                0x0000000000000000        0x0 /tmp/ccQDGd3w.o
 .note.GNU-stack
                0x0000000000000000        0x0 /usr/lib/x86_64-linux-gnu/libc_nonshared.a(elf-init.oS)
 .note.GNU-stack
                0x0000000000000000        0x0 /usr/lib/gcc/x86_64-linux-gnu/4.9/crtend.o
 .note.GNU-stack
                0x0000000000000000        0x0 /usr/lib/gcc/x86_64-linux-gnu/4.9/../../../x86_64-linux-gnu/crtn.o
 .gnu_debuglink
                0x0000000000000000        0xc /usr/lib/gcc/x86_64-linux-gnu/4.9/../../../x86_64-linux-gnu/crtn.o

Memory Configuration

Name             Origin             Length             Attributes
*default*        0x0000000000000000 0xffffffffffffffff

Linker script and memory map

LOAD /usr/lib/gcc/x86_64-linux-gnu/4.9/../../../x86_64-linux-gnu/crt1.o
LOAD /usr/lib/gcc/x86_64-linux-gnu/4.9/../../../x86_64-linux-gnu/crti.o
LOAD /usr/lib/gcc/x86_64-linux-gnu/4.9/crtbegin.o
LOAD /tmp/ccQDGd3w.o
LOAD /usr/lib/gcc/x86_64-linux-gnu/4.9/libgcc.a
LOAD /usr/lib/gcc/x86_64-linux-gnu/4.9/libgcc_s.so
LOAD /usr/lib/gcc/x86_64-linux-gnu/4.9/../../../x86_64-linux-gnu/libc.so
START GROUP
LOAD /lib/x86_64-linux-gnu/libc.so.6
LOAD /usr/lib/x86_64-linux-gnu/libc_nonshared.a
LOAD /lib/x86_64-linux-gnu/ld-linux-x86-64.so.2
END GROUP
LOAD /usr/lib/gcc/x86_64-linux-gnu/4.9/libgcc.a
LOAD /usr/lib/gcc/x86_64-linux-gnu/4.9/libgcc_s.so
LOAD /usr/lib/gcc/x86_64-linux-gnu/4.9/crtend.o
LOAD /usr/lib/gcc/x86_64-linux-gnu/4.9/../../../x86_64-linux-gnu/crtn.o
                0x0000000000400000                PROVIDE (__executable_start, 0x400000)
                0x0000000000400200                . = (0x400000 + SIZEOF_HEADERS)

.interp         0x0000000000400200       0x1c
 *(.interp)
 .interp        0x0000000000400200       0x1c /usr/lib/gcc/x86_64-linux-gnu/4.9/../../../x86_64-linux-gnu/crt1.o

.note.ABI-tag   0x000000000040021c       0x20
 .note.ABI-tag  0x000000000040021c       0x20 /usr/lib/gcc/x86_64-linux-gnu/4.9/../../../x86_64-linux-gnu/crt1.o

.note.gnu.build-id
                0x000000000040023c       0x24
 *(.note.gnu.build-id)
 .note.gnu.build-id
                0x000000000040023c       0x24 /usr/lib/gcc/x86_64-linux-gnu/4.9/../../../x86_64-linux-gnu/crt1.o

.hash
 *(.hash)

.gnu.hash       0x0000000000400260       0x24
 *(.gnu.hash)
 .gnu.hash      0x0000000000400260       0x24 /usr/lib/gcc/x86_64-linux-gnu/4.9/../../../x86_64-linux-gnu/crt1.o

.dynsym         0x0000000000400288      0x1b0
 *(.dynsym)
 .dynsym        0x0000000000400288      0x1b0 /usr/lib/gcc/x86_64-linux-gnu/4.9/../../../x86_64-linux-gnu/crt1.o

.dynstr         0x0000000000400438       0x95
 *(.dynstr)
 .dynstr        0x0000000000400438       0x95 /usr/lib/gcc/x86_64-linux-gnu/4.9/../../../x86_64-linux-gnu/crt1.o

.gnu.version    0x00000000004004ce       0x24
 *(.gnu.version)
 .gnu.version   0x00000000004004ce       0x24 /usr/lib/gcc/x86_64-linux-gnu/4.9/../../../x86_64-linux-gnu/crt1.o

.gnu.version_d  0x00000000004004f8        0x0
 *(.gnu.version_d)
 .gnu.version_d
                0x00000000004004f8        0x0 /usr/lib/gcc/x86_64-linux-gnu/4.9/../../../x86_64-linux-gnu/crt1.o

.gnu.version_r  0x00000000004004f8       0x20
 *(.gnu.version_r)
 .gnu.version_r
                0x00000000004004f8       0x20 /usr/lib/gcc/x86_64-linux-gnu/4.9/../../../x86_64-linux-gnu/crt1.o

.rela.dyn       0x0000000000400518       0x18
 *(.rela.init)
 *(.rela.text .rela.text.* .rela.gnu.linkonce.t.*)
 .rela.text     0x0000000000400518        0x0 /usr/lib/gcc/x86_64-linux-gnu/4.9/../../../x86_64-linux-gnu/crt1.o
 *(.rela.fini)
 *(.rela.rodata .rela.rodata.* .rela.gnu.linkonce.r.*)
 *(.rela.data .rela.data.* .rela.gnu.linkonce.d.*)
 *(.rela.tdata .rela.tdata.* .rela.gnu.linkonce.td.*)
 *(.rela.tbss .rela.tbss.* .rela.gnu.linkonce.tb.*)
 *(.rela.ctors)
 *(.rela.dtors)
 *(.rela.got)
 .rela.got      0x0000000000400518       0x18 /usr/lib/gcc/x86_64-linux-gnu/4.9/../../../x86_64-linux-gnu/crt1.o
 *(.rela.bss .rela.bss.* .rela.gnu.linkonce.b.*)
 .rela.bss      0x0000000000400530        0x0 /usr/lib/gcc/x86_64-linux-gnu/4.9/../../../x86_64-linux-gnu/crt1.o
 *(.rela.ldata .rela.ldata.* .rela.gnu.linkonce.l.*)
 *(.rela.lbss .rela.lbss.* .rela.gnu.linkonce.lb.*)
 *(.rela.lrodata .rela.lrodata.* .rela.gnu.linkonce.lr.*)
 *(.rela.ifunc)

.rela.plt       0x0000000000400530      0x180
 *(.rela.plt)
 .rela.plt      0x0000000000400530      0x180 /usr/lib/gcc/x86_64-linux-gnu/4.9/../../../x86_64-linux-gnu/crt1.o
                0x00000000004006b0                PROVIDE (__rela_iplt_start, .)
 *(.rela.iplt)
 .rela.iplt     0x00000000004006b0        0x0 /usr/lib/gcc/x86_64-linux-gnu/4.9/../../../x86_64-linux-gnu/crt1.o
                0x00000000004006b0                PROVIDE (__rela_iplt_end, .)

.init           0x00000000004006b0       0x1a
 *(SORT(.init))
 .init          0x00000000004006b0       0x15 /usr/lib/gcc/x86_64-linux-gnu/4.9/../../../x86_64-linux-gnu/crti.o
                0x00000000004006b0                _init
 .init          0x00000000004006c5        0x5 /usr/lib/gcc/x86_64-linux-gnu/4.9/../../../x86_64-linux-gnu/crtn.o

.plt            0x00000000004006d0      0x110
 *(.plt)
 .plt           0x00000000004006d0      0x110 /usr/lib/gcc/x86_64-linux-gnu/4.9/../../../x86_64-linux-gnu/crt1.o
                0x00000000004006e0                putchar@@GLIBC_2.2.5
                0x00000000004006f0                puts@@GLIBC_2.2.5
                0x0000000000400700                write@@GLIBC_2.2.5
                0x0000000000400710                opendir@@GLIBC_2.2.5
                0x0000000000400720                printf@@GLIBC_2.2.5
                0x0000000000400730                close@@GLIBC_2.2.5
                0x0000000000400740                closedir@@GLIBC_2.2.5
                0x0000000000400750                __libc_start_main@@GLIBC_2.2.5
                0x0000000000400770                time@@GLIBC_2.2.5
                0x0000000000400780                readdir@@GLIBC_2.2.5
                0x0000000000400790                fflush@@GLIBC_2.2.5
                0x00000000004007a0                fsync@@GLIBC_2.2.5
                0x00000000004007b0                perror@@GLIBC_2.2.5
                0x00000000004007c0                creat@@GLIBC_2.2.5
                0x00000000004007d0                exit@@GLIBC_2.2.5
 *(.iplt)
 .iplt          0x00000000004007e0        0x0 /usr/lib/gcc/x86_64-linux-gnu/4.9/../../../x86_64-linux-gnu/crt1.o

.plt.bnd
 *(.plt.bnd)

.text           0x00000000004007e0      0x362
 *(.text.unlikely .text.*_unlikely .text.unlikely.*)
 .text.unlikely
                0x00000000004007e0        0x0 /usr/lib/gcc/x86_64-linux-gnu/4.9/crtbegin.o
 *(.text.exit .text.exit.*)
 *(.text.startup .text.startup.*)
 *(.text.hot .text.hot.*)
 *(.text .stub .text.* .gnu.linkonce.t.*)
 .text          0x00000000004007e0       0x2a /usr/lib/gcc/x86_64-linux-gnu/4.9/../../../x86_64-linux-gnu/crt1.o
                0x00000000004007e0                _start
 .text          0x000000000040080a        0x0 /usr/lib/gcc/x86_64-linux-gnu/4.9/../../../x86_64-linux-gnu/crti.o
 *fill*         0x000000000040080a        0x6 
 .text          0x0000000000400810       0xc6 /usr/lib/gcc/x86_64-linux-gnu/4.9/crtbegin.o
 .text          0x00000000004008d6      0x1f9 /tmp/ccQDGd3w.o
                0x00000000004008d6                main
                0x0000000000400904                dirfile
                0x0000000000400981                error
                0x00000000004009a3                rwfile
 *fill*         0x0000000000400acf        0x1 
 .text          0x0000000000400ad0       0x72 /usr/lib/x86_64-linux-gnu/libc_nonshared.a(elf-init.oS)
                0x0000000000400ad0                __libc_csu_init
                0x0000000000400b40                __libc_csu_fini
 .text          0x0000000000400b42        0x0 /usr/lib/gcc/x86_64-linux-gnu/4.9/crtend.o
 .text          0x0000000000400b42        0x0 /usr/lib/gcc/x86_64-linux-gnu/4.9/../../../x86_64-linux-gnu/crtn.o
 *(.gnu.warning)

.fini           0x0000000000400b44        0x9
 *(SORT(.fini))
 .fini          0x0000000000400b44        0x4 /usr/lib/gcc/x86_64-linux-gnu/4.9/../../../x86_64-linux-gnu/crti.o
                0x0000000000400b44                _fini
 .fini          0x0000000000400b48        0x5 /usr/lib/gcc/x86_64-linux-gnu/4.9/../../../x86_64-linux-gnu/crtn.o
                0x0000000000400b4d                PROVIDE (__etext, .)
                0x0000000000400b4d                PROVIDE (_etext, .)
                0x0000000000400b4d                PROVIDE (etext, .)

.rodata         0x0000000000400b50       0x90
 *(.rodata .rodata.* .gnu.linkonce.r.*)
 .rodata.cst4   0x0000000000400b50        0x4 /usr/lib/gcc/x86_64-linux-gnu/4.9/../../../x86_64-linux-gnu/crt1.o
                0x0000000000400b50                _IO_stdin_used
 .rodata        0x0000000000400b54       0x8c /tmp/ccQDGd3w.o

.rodata1
 *(.rodata1)

.eh_frame_hdr   0x0000000000400be0       0x4c
 *(.eh_frame_hdr)
 .eh_frame_hdr  0x0000000000400be0       0x4c /usr/lib/gcc/x86_64-linux-gnu/4.9/../../../x86_64-linux-gnu/crt1.o

.eh_frame       0x0000000000400c30      0x154
 *(.eh_frame)
 .eh_frame      0x0000000000400c30       0x30 /usr/lib/gcc/x86_64-linux-gnu/4.9/../../../x86_64-linux-gnu/crt1.o
 .eh_frame      0x0000000000400c60       0x40 /usr/lib/gcc/x86_64-linux-gnu/4.9/../../../x86_64-linux-gnu/crt1.o
 .eh_frame      0x0000000000400ca0       0x80 /tmp/ccQDGd3w.o
                                         0x98 (size before relaxing)
 .eh_frame      0x0000000000400d20       0x60 /usr/lib/x86_64-linux-gnu/libc_nonshared.a(elf-init.oS)
                                         0x78 (size before relaxing)
 .eh_frame      0x0000000000400d80        0x4 /usr/lib/gcc/x86_64-linux-gnu/4.9/crtend.o

.gcc_except_table
 *(.gcc_except_table .gcc_except_table.*)

.exception_ranges
 *(.exception_ranges .exception_ranges*)
                0x0000000000400d84                . = (ALIGN (0x200000) - ((0x200000 - .) & 0x1fffff))
                0x0000000000601000                . = DATA_SEGMENT_ALIGN (0x200000, 0x1000)

.eh_frame
 *(.eh_frame)

.gcc_except_table
 *(.gcc_except_table .gcc_except_table.*)

.exception_ranges
 *(.exception_ranges .exception_ranges*)

.tdata
 *(.tdata .tdata.* .gnu.linkonce.td.*)

.tbss
 *(.tbss .tbss.* .gnu.linkonce.tb.*)
 *(.tcommon)

.preinit_array  0x0000000000601000        0x0
                0x0000000000601000                PROVIDE (__preinit_array_start, .)
 *(.preinit_array)
                0x0000000000601000                PROVIDE (__preinit_array_end, .)

.init_array     0x0000000000601000        0x8
                0x0000000000601000                PROVIDE (__init_array_start, .)
 *(SORT(.init_array.*) SORT(.ctors.*))
 *(.init_array EXCLUDE_FILE(*crtend?.o *crtend.o *crtbegin?.o *crtbegin.o) .ctors)
 .init_array    0x0000000000601000        0x8 /usr/lib/gcc/x86_64-linux-gnu/4.9/crtbegin.o
                0x0000000000601008                PROVIDE (__init_array_end, .)

.fini_array     0x0000000000601008        0x8
                0x0000000000601008                PROVIDE (__fini_array_start, .)
 *(SORT(.fini_array.*) SORT(.dtors.*))
 *(.fini_array EXCLUDE_FILE(*crtend?.o *crtend.o *crtbegin?.o *crtbegin.o) .dtors)
 .fini_array    0x0000000000601008        0x8 /usr/lib/gcc/x86_64-linux-gnu/4.9/crtbegin.o
                0x0000000000601010                PROVIDE (__fini_array_end, .)

.ctors
 *crtbegin.o(.ctors)
 *crtbegin?.o(.ctors)
 *(EXCLUDE_FILE(*crtend?.o *crtend.o) .ctors)
 *(SORT(.ctors.*))
 *(.ctors)

.dtors
 *crtbegin.o(.dtors)
 *crtbegin?.o(.dtors)
 *(EXCLUDE_FILE(*crtend?.o *crtend.o) .dtors)
 *(SORT(.dtors.*))
 *(.dtors)

.jcr            0x0000000000601010        0x8
 *(.jcr)
 .jcr           0x0000000000601010        0x0 /usr/lib/gcc/x86_64-linux-gnu/4.9/crtbegin.o
 .jcr           0x0000000000601010        0x8 /usr/lib/gcc/x86_64-linux-gnu/4.9/crtend.o

.data.rel.ro
 *(.data.rel.ro.local* .gnu.linkonce.d.rel.ro.local.*)
 *(.data.rel.ro .data.rel.ro.* .gnu.linkonce.d.rel.ro.*)

.dynamic        0x0000000000601018      0x1d0
 *(.dynamic)
 .dynamic       0x0000000000601018      0x1d0 /usr/lib/gcc/x86_64-linux-gnu/4.9/../../../x86_64-linux-gnu/crt1.o
                0x0000000000601018                _DYNAMIC

.got            0x00000000006011e8        0x8
 *(.got)
 .got           0x00000000006011e8        0x8 /usr/lib/gcc/x86_64-linux-gnu/4.9/../../../x86_64-linux-gnu/crt1.o
 *(.igot)
                0x00000000006011f0                . = DATA_SEGMENT_RELRO_END (., (SIZEOF (.got.plt) >= 0x18)?0x18:0x0)

.got.plt        0x00000000006011f0       0x98
 *(.got.plt)
 .got.plt       0x00000000006011f0       0x98 /usr/lib/gcc/x86_64-linux-gnu/4.9/../../../x86_64-linux-gnu/crt1.o
                0x00000000006011f0                _GLOBAL_OFFSET_TABLE_
 *(.igot.plt)
 .igot.plt      0x0000000000601288        0x0 /usr/lib/gcc/x86_64-linux-gnu/4.9/../../../x86_64-linux-gnu/crt1.o

.data           0x0000000000601288       0x10
 *(.data .data.* .gnu.linkonce.d.*)
 .data          0x0000000000601288        0x4 /usr/lib/gcc/x86_64-linux-gnu/4.9/../../../x86_64-linux-gnu/crt1.o
                0x0000000000601288                data_start
                0x0000000000601288                __data_start
 .data          0x000000000060128c        0x0 /usr/lib/gcc/x86_64-linux-gnu/4.9/../../../x86_64-linux-gnu/crti.o
 *fill*         0x000000000060128c        0x4 
 .data          0x0000000000601290        0x8 /usr/lib/gcc/x86_64-linux-gnu/4.9/crtbegin.o
                0x0000000000601290                __dso_handle
 .data          0x0000000000601298        0x0 /tmp/ccQDGd3w.o
 .data          0x0000000000601298        0x0 /usr/lib/x86_64-linux-gnu/libc_nonshared.a(elf-init.oS)
 .data          0x0000000000601298        0x0 /usr/lib/gcc/x86_64-linux-gnu/4.9/crtend.o
 .data          0x0000000000601298        0x0 /usr/lib/gcc/x86_64-linux-gnu/4.9/../../../x86_64-linux-gnu/crtn.o

.tm_clone_table
                0x0000000000601298        0x0
 .tm_clone_table
                0x0000000000601298        0x0 /usr/lib/gcc/x86_64-linux-gnu/4.9/crtbegin.o
 .tm_clone_table
                0x0000000000601298        0x0 /usr/lib/gcc/x86_64-linux-gnu/4.9/crtend.o

.data1
 *(.data1)
                0x0000000000601298                _edata = .
                0x0000000000601298                PROVIDE (edata, .)
                0x0000000000601298                . = .
                0x0000000000601298                __bss_start = .

.bss            0x0000000000601298        0x8
 *(.dynbss)
 .dynbss        0x0000000000601298        0x0 /usr/lib/gcc/x86_64-linux-gnu/4.9/../../../x86_64-linux-gnu/crt1.o
 *(.bss .bss.* .gnu.linkonce.b.*)
 .bss           0x0000000000601298        0x0 /usr/lib/gcc/x86_64-linux-gnu/4.9/../../../x86_64-linux-gnu/crt1.o
 .bss           0x0000000000601298        0x0 /usr/lib/gcc/x86_64-linux-gnu/4.9/../../../x86_64-linux-gnu/crti.o
 .bss           0x0000000000601298        0x1 /usr/lib/gcc/x86_64-linux-gnu/4.9/crtbegin.o
 .bss           0x0000000000601299        0x0 /tmp/ccQDGd3w.o
 .bss           0x0000000000601299        0x0 /usr/lib/x86_64-linux-gnu/libc_nonshared.a(elf-init.oS)
 .bss           0x0000000000601299        0x0 /usr/lib/gcc/x86_64-linux-gnu/4.9/crtend.o
 .bss           0x0000000000601299        0x0 /usr/lib/gcc/x86_64-linux-gnu/4.9/../../../x86_64-linux-gnu/crtn.o
 *(COMMON)
                0x00000000006012a0                . = ALIGN ((. != 0x0)?0x8:0x1)
 *fill*         0x0000000000601299        0x7 

.lbss
 *(.dynlbss)
 *(.lbss .lbss.* .gnu.linkonce.lb.*)
 *(LARGE_COMMON)
                0x00000000006012a0                . = ALIGN (0x8)
                0x00000000006012a0                . = SEGMENT_START ("ldata-segment", .)

.lrodata
 *(.lrodata .lrodata.* .gnu.linkonce.lr.*)

.ldata          0x0000000000a012a0        0x0
 *(.ldata .ldata.* .gnu.linkonce.l.*)
                0x0000000000a012a0                . = ALIGN ((. != 0x0)?0x8:0x1)
                0x0000000000a012a0                . = ALIGN (0x8)
                0x0000000000a012a0                _end = .
                0x0000000000a012a0                PROVIDE (end, .)
                0x0000000000a012a0                . = DATA_SEGMENT_END (.)

.stab
 *(.stab)

.stabstr
 *(.stabstr)

.stab.excl
 *(.stab.excl)

.stab.exclstr
 *(.stab.exclstr)

.stab.index
 *(.stab.index)

.stab.indexstr
 *(.stab.indexstr)

.comment        0x0000000000000000       0x39
 *(.comment)
 .comment       0x0000000000000000       0x1d /usr/lib/gcc/x86_64-linux-gnu/4.9/crtbegin.o
                                         0x1e (size before relaxing)
 .comment       0x000000000000001d       0x1e /tmp/ccQDGd3w.o
 .comment       0x000000000000001d       0x1c /usr/lib/x86_64-linux-gnu/libc_nonshared.a(elf-init.oS)
                                         0x1d (size before relaxing)
 .comment       0x0000000000000039       0x1e /usr/lib/gcc/x86_64-linux-gnu/4.9/crtend.o

.debug
 *(.debug)

.line
 *(.line)

.debug_srcinfo
 *(.debug_srcinfo)

.debug_sfnames
 *(.debug_sfnames)

.debug_aranges
 *(.debug_aranges)

.debug_pubnames
 *(.debug_pubnames)

.debug_info
 *(.debug_info .gnu.linkonce.wi.*)

.debug_abbrev
 *(.debug_abbrev)

.debug_line
 *(.debug_line .debug_line.* .debug_line_end)

.debug_frame
 *(.debug_frame)

.debug_str
 *(.debug_str)

.debug_loc
 *(.debug_loc)

.debug_macinfo
 *(.debug_macinfo)

.debug_weaknames
 *(.debug_weaknames)

.debug_funcnames
 *(.debug_funcnames)

.debug_typenames
 *(.debug_typenames)

.debug_varnames
 *(.debug_varnames)

.debug_pubtypes
 *(.debug_pubtypes)

.debug_ranges
 *(.debug_ranges)

.debug_macro
 *(.debug_macro)

.gnu.attributes
 *(.gnu.attributes)

/DISCARD/
 *(.note.GNU-stack)
 *(.gnu_debuglink)
 *(.gnu.lto_*)
OUTPUT(59-readwrite elf64-x86-64)
